Archive member included to satisfy reference by file (symbol)

build/native/contiki-ng-native.a(clock.o)
                              clicker-ng.o (clock_time)
build/native/contiki-ng-native.a(contiki-main.o)
                              /usr/lib/gcc/x86_64-linux-gnu/7/../../../x86_64-linux-gnu/Scrt1.o (main)
build/native/contiki-ng-native.a(autostart.o)
                              build/native/contiki-ng-native.a(contiki-main.o) (autostart_start)
build/native/contiki-ng-native.a(ctimer.o)
                              build/native/contiki-ng-native.a(contiki-main.o) (ctimer_init)
build/native/contiki-ng-native.a(energest.o)
                              build/native/contiki-ng-native.a(contiki-main.o) (energest_init)
build/native/contiki-ng-native.a(etimer.o)
                              build/native/contiki-ng-native.a(contiki-main.o) (etimer_process)
build/native/contiki-ng-native.a(log.o)
                              build/native/contiki-ng-native.a(contiki-main.o) (log_lladdr)
build/native/contiki-ng-native.a(rtimer.o)
                              build/native/contiki-ng-native.a(contiki-main.o) (rtimer_init)
build/native/contiki-ng-native.a(node-id.o)
                              build/native/contiki-ng-native.a(contiki-main.o) (node_id_init)
build/native/contiki-ng-native.a(process.o)
                              build/native/contiki-ng-native.a(ctimer.o) (process_current)
build/native/contiki-ng-native.a(timer.o)
                              build/native/contiki-ng-native.a(etimer.o) (timer_set)
build/native/contiki-ng-native.a(sensors.o)
                              clicker-ng.o (sensors_event)
build/native/contiki-ng-native.a(list.o)
                              build/native/contiki-ng-native.a(ctimer.o) (list_init)
build/native/contiki-ng-native.a(leds.o)
                              clicker-ng.o (leds_toggle)
build/native/contiki-ng-native.a(queuebuf.o)
                              build/native/contiki-ng-native.a(contiki-main.o) (queuebuf_init)
build/native/contiki-ng-native.a(packetbuf.o)
                              build/native/contiki-ng-native.a(queuebuf.o) (packetbuf_copyto)
build/native/contiki-ng-native.a(netstack.o)
                              build/native/contiki-ng-native.a(contiki-main.o) (netstack_init)
build/native/contiki-ng-native.a(linkaddr.o)
                              clicker-ng.o (linkaddr_copy)
build/native/contiki-ng-native.a(nullmac.o)
                              build/native/contiki-ng-native.a(contiki-main.o) (nullmac_driver)
build/native/contiki-ng-native.a(nullnet.o)
                              clicker-ng.o (nullnet_len)
build/native/contiki-ng-native.a(nullrouting.o)
                              build/native/contiki-ng-native.a(contiki-main.o) (nullrouting_driver)
build/native/contiki-ng-native.a(platform.o)
                              build/native/contiki-ng-native.a(contiki-main.o) (platform_process_args)
build/native/contiki-ng-native.a(rtimer-arch.o)
                              build/native/contiki-ng-native.a(rtimer.o) (rtimer_arch_init)
build/native/contiki-ng-native.a(watchdog.o)
                              build/native/contiki-ng-native.a(contiki-main.o) (watchdog_init)
build/native/contiki-ng-native.a(memb.o)
                              build/native/contiki-ng-native.a(queuebuf.o) (memb_init)
build/native/contiki-ng-native.a(button-hal.o)
                              build/native/contiki-ng-native.a(platform.o) (button_hal_init)
build/native/contiki-ng-native.a(serial-line.o)
                              build/native/contiki-ng-native.a(platform.o) (serial_line_input_byte)
build/native/contiki-ng-native.a(nullradio.o)
                              build/native/contiki-ng-native.a(netstack.o) (nullradio_driver)
build/native/contiki-ng-native.a(gpio-hal.o)
                              build/native/contiki-ng-native.a(button-hal.o) (gpio_hal_register_handler)
build/native/contiki-ng-native.a(buttons.o)
                              build/native/contiki-ng-native.a(button-hal.o) (button_hal_button_count)
build/native/contiki-ng-native.a(int-master.o)
                              build/native/contiki-ng-native.a(button-hal.o) (int_master_read_and_disable)
build/native/contiki-ng-native.a(gpio-hal-arch.o)
                              build/native/contiki-ng-native.a(gpio-hal.o) (gpio_hal_arch_init)
build/native/contiki-ng-native.a(ringbuf.o)
                              build/native/contiki-ng-native.a(serial-line.o) (ringbuf_init)
/usr/lib/x86_64-linux-gnu/libc_nonshared.a(elf-init.oS)
                              /usr/lib/gcc/x86_64-linux-gnu/7/../../../x86_64-linux-gnu/Scrt1.o (__libc_csu_init)

As-needed library included to satisfy reference by file (symbol)

librt.so.1                    build/native/contiki-ng-native.a(clock.o) (clock_gettime@@GLIBC_2.2.5)
libc.so.6                     clicker-ng.o (__printf_chk@@GLIBC_2.3.4)

Allocating common symbols
Common symbol       size              file

linkaddr_node_addr  0x8               build/native/contiki-ng-native.a(linkaddr.o)
event_history       0x48              clicker-ng.o
nullnet_len         0x2               build/native/contiki-ng-native.a(nullnet.o)
button_hal_periodic_event
                    0x1               build/native/contiki-ng-native.a(button-hal.o)
button_hal_press_event
                    0x1               build/native/contiki-ng-native.a(button-hal.o)
serial_line_event_message
                    0x1               build/native/contiki-ng-native.a(serial-line.o)
packetbuf_attrs     0x1a              build/native/contiki-ng-native.a(packetbuf.o)
contiki_argv        0x8               build/native/contiki-ng-native.a(platform.o)
sensors_event       0x1               build/native/contiki-ng-native.a(sensors.o)
button_hal_release_event
                    0x1               build/native/contiki-ng-native.a(button-hal.o)
packetbuf_addrs     0x10              build/native/contiki-ng-native.a(packetbuf.o)
nullnet_buf         0x8               build/native/contiki-ng-native.a(nullnet.o)
clicker-ng.o: dynamic relocation against `button_sensor' in read-only section `.text'

Discarded input sections

 .note.GNU-stack
                0x0000000000000000        0x0 /usr/lib/gcc/x86_64-linux-gnu/7/../../../x86_64-linux-gnu/Scrt1.o
 .note.GNU-stack
                0x0000000000000000        0x0 /usr/lib/gcc/x86_64-linux-gnu/7/../../../x86_64-linux-gnu/crti.o
 .note.GNU-stack
                0x0000000000000000        0x0 /usr/lib/gcc/x86_64-linux-gnu/7/crtbeginS.o
 .note.GNU-stack
                0x0000000000000000        0x0 clicker-ng.o
 .note.GNU-stack
                0x0000000000000000        0x0 build/native/contiki-ng-native.a(clock.o)
 .note.GNU-stack
                0x0000000000000000        0x0 build/native/contiki-ng-native.a(contiki-main.o)
 .note.GNU-stack
                0x0000000000000000        0x0 build/native/contiki-ng-native.a(autostart.o)
 .note.GNU-stack
                0x0000000000000000        0x0 build/native/contiki-ng-native.a(ctimer.o)
 .note.GNU-stack
                0x0000000000000000        0x0 build/native/contiki-ng-native.a(energest.o)
 .note.GNU-stack
                0x0000000000000000        0x0 build/native/contiki-ng-native.a(etimer.o)
 .note.GNU-stack
                0x0000000000000000        0x0 build/native/contiki-ng-native.a(log.o)
 .note.GNU-stack
                0x0000000000000000        0x0 build/native/contiki-ng-native.a(rtimer.o)
 .note.GNU-stack
                0x0000000000000000        0x0 build/native/contiki-ng-native.a(node-id.o)
 .note.GNU-stack
                0x0000000000000000        0x0 build/native/contiki-ng-native.a(process.o)
 .note.GNU-stack
                0x0000000000000000        0x0 build/native/contiki-ng-native.a(timer.o)
 .note.GNU-stack
                0x0000000000000000        0x0 build/native/contiki-ng-native.a(sensors.o)
 .note.GNU-stack
                0x0000000000000000        0x0 build/native/contiki-ng-native.a(list.o)
 .note.GNU-stack
                0x0000000000000000        0x0 build/native/contiki-ng-native.a(leds.o)
 .note.GNU-stack
                0x0000000000000000        0x0 build/native/contiki-ng-native.a(queuebuf.o)
 .note.GNU-stack
                0x0000000000000000        0x0 build/native/contiki-ng-native.a(packetbuf.o)
 .note.GNU-stack
                0x0000000000000000        0x0 build/native/contiki-ng-native.a(netstack.o)
 .note.GNU-stack
                0x0000000000000000        0x0 build/native/contiki-ng-native.a(linkaddr.o)
 .note.GNU-stack
                0x0000000000000000        0x0 build/native/contiki-ng-native.a(nullmac.o)
 .note.GNU-stack
                0x0000000000000000        0x0 build/native/contiki-ng-native.a(nullnet.o)
 .note.GNU-stack
                0x0000000000000000        0x0 build/native/contiki-ng-native.a(nullrouting.o)
 .note.GNU-stack
                0x0000000000000000        0x0 build/native/contiki-ng-native.a(platform.o)
 .note.GNU-stack
                0x0000000000000000        0x0 build/native/contiki-ng-native.a(rtimer-arch.o)
 .note.GNU-stack
                0x0000000000000000        0x0 build/native/contiki-ng-native.a(watchdog.o)
 .note.GNU-stack
                0x0000000000000000        0x0 build/native/contiki-ng-native.a(memb.o)
 .note.GNU-stack
                0x0000000000000000        0x0 build/native/contiki-ng-native.a(button-hal.o)
 .note.GNU-stack
                0x0000000000000000        0x0 build/native/contiki-ng-native.a(serial-line.o)
 .note.GNU-stack
                0x0000000000000000        0x0 build/native/contiki-ng-native.a(nullradio.o)
 .note.GNU-stack
                0x0000000000000000        0x0 build/native/contiki-ng-native.a(gpio-hal.o)
 .note.GNU-stack
                0x0000000000000000        0x0 build/native/contiki-ng-native.a(buttons.o)
 .note.GNU-stack
                0x0000000000000000        0x0 build/native/contiki-ng-native.a(int-master.o)
 .note.GNU-stack
                0x0000000000000000        0x0 build/native/contiki-ng-native.a(gpio-hal-arch.o)
 .note.GNU-stack
                0x0000000000000000        0x0 build/native/contiki-ng-native.a(ringbuf.o)
 .note.GNU-stack
                0x0000000000000000        0x0 /usr/lib/x86_64-linux-gnu/libc_nonshared.a(elf-init.oS)
 .note.GNU-stack
                0x0000000000000000        0x0 /usr/lib/gcc/x86_64-linux-gnu/7/crtendS.o
 .note.GNU-stack
                0x0000000000000000        0x0 /usr/lib/gcc/x86_64-linux-gnu/7/../../../x86_64-linux-gnu/crtn.o

Memory Configuration

Name             Origin             Length             Attributes
*default*        0x0000000000000000 0xffffffffffffffff

Linker script and memory map

LOAD /usr/lib/gcc/x86_64-linux-gnu/7/../../../x86_64-linux-gnu/Scrt1.o
LOAD /usr/lib/gcc/x86_64-linux-gnu/7/../../../x86_64-linux-gnu/crti.o
LOAD /usr/lib/gcc/x86_64-linux-gnu/7/crtbeginS.o
LOAD clicker-ng.o
LOAD build/native/contiki-ng-native.a
LOAD /usr/lib/gcc/x86_64-linux-gnu/7/../../../x86_64-linux-gnu/librt.so
LOAD /usr/lib/gcc/x86_64-linux-gnu/7/libgcc.a
LOAD /usr/lib/gcc/x86_64-linux-gnu/7/libgcc_s.so
START GROUP
LOAD /usr/lib/gcc/x86_64-linux-gnu/7/libgcc_s.so.1
LOAD /usr/lib/gcc/x86_64-linux-gnu/7/libgcc.a
END GROUP
LOAD /usr/lib/gcc/x86_64-linux-gnu/7/../../../x86_64-linux-gnu/libc.so
START GROUP
LOAD /lib/x86_64-linux-gnu/libc.so.6
LOAD /usr/lib/x86_64-linux-gnu/libc_nonshared.a
LOAD /lib/x86_64-linux-gnu/ld-linux-x86-64.so.2
END GROUP
LOAD /usr/lib/gcc/x86_64-linux-gnu/7/libgcc.a
LOAD /usr/lib/gcc/x86_64-linux-gnu/7/libgcc_s.so
START GROUP
LOAD /usr/lib/gcc/x86_64-linux-gnu/7/libgcc_s.so.1
LOAD /usr/lib/gcc/x86_64-linux-gnu/7/libgcc.a
END GROUP
LOAD /usr/lib/gcc/x86_64-linux-gnu/7/crtendS.o
LOAD /usr/lib/gcc/x86_64-linux-gnu/7/../../../x86_64-linux-gnu/crtn.o
                [!provide]                        PROVIDE (__executable_start = SEGMENT_START ("text-segment", 0x0))
                0x0000000000000238                . = (SEGMENT_START ("text-segment", 0x0) + SIZEOF_HEADERS)

.interp         0x0000000000000238       0x1c
 *(.interp)
 .interp        0x0000000000000238       0x1c /usr/lib/gcc/x86_64-linux-gnu/7/../../../x86_64-linux-gnu/Scrt1.o

.note.ABI-tag   0x0000000000000254       0x20
 .note.ABI-tag  0x0000000000000254       0x20 /usr/lib/gcc/x86_64-linux-gnu/7/../../../x86_64-linux-gnu/Scrt1.o

.note.gnu.build-id
                0x0000000000000274       0x24
 *(.note.gnu.build-id)
 .note.gnu.build-id
                0x0000000000000274       0x24 /usr/lib/gcc/x86_64-linux-gnu/7/../../../x86_64-linux-gnu/Scrt1.o

.hash
 *(.hash)

.gnu.hash       0x0000000000000298      0x7dc
 *(.gnu.hash)
 .gnu.hash      0x0000000000000298      0x7dc /usr/lib/gcc/x86_64-linux-gnu/7/../../../x86_64-linux-gnu/Scrt1.o

.dynsym         0x0000000000000a78     0x1908
 *(.dynsym)
 .dynsym        0x0000000000000a78     0x1908 /usr/lib/gcc/x86_64-linux-gnu/7/../../../x86_64-linux-gnu/Scrt1.o

.dynstr         0x0000000000002380     0x11ab
 *(.dynstr)
 .dynstr        0x0000000000002380     0x11ab /usr/lib/gcc/x86_64-linux-gnu/7/../../../x86_64-linux-gnu/Scrt1.o

.gnu.version    0x000000000000352c      0x216
 *(.gnu.version)
 .gnu.version   0x000000000000352c      0x216 /usr/lib/gcc/x86_64-linux-gnu/7/../../../x86_64-linux-gnu/Scrt1.o

.gnu.version_d  0x0000000000003748        0x0
 *(.gnu.version_d)
 .gnu.version_d
                0x0000000000003748        0x0 /usr/lib/gcc/x86_64-linux-gnu/7/../../../x86_64-linux-gnu/Scrt1.o

.gnu.version_r  0x0000000000003748       0x70
 *(.gnu.version_r)
 .gnu.version_r
                0x0000000000003748       0x70 /usr/lib/gcc/x86_64-linux-gnu/7/../../../x86_64-linux-gnu/Scrt1.o

.rela.dyn       0x00000000000037b8      0xae0
 *(.rela.init)
 *(.rela.text .rela.text.* .rela.gnu.linkonce.t.*)
 .rela.text     0x00000000000037b8      0x198 /usr/lib/gcc/x86_64-linux-gnu/7/../../../x86_64-linux-gnu/Scrt1.o
 .rela.text.startup
                0x0000000000003950        0x0 /usr/lib/gcc/x86_64-linux-gnu/7/../../../x86_64-linux-gnu/Scrt1.o
 *(.rela.fini)
 *(.rela.rodata .rela.rodata.* .rela.gnu.linkonce.r.*)
 *(.rela.data .rela.data.* .rela.gnu.linkonce.d.*)
 .rela.data.rel.ro
                0x0000000000003950        0x0 /usr/lib/gcc/x86_64-linux-gnu/7/../../../x86_64-linux-gnu/Scrt1.o
 .rela.data.rel.local
                0x0000000000003950      0x3d8 /usr/lib/gcc/x86_64-linux-gnu/7/../../../x86_64-linux-gnu/Scrt1.o
 .rela.data.rel.ro.local
                0x0000000000003d28      0x498 /usr/lib/gcc/x86_64-linux-gnu/7/../../../x86_64-linux-gnu/Scrt1.o
 *(.rela.tdata .rela.tdata.* .rela.gnu.linkonce.td.*)
 *(.rela.tbss .rela.tbss.* .rela.gnu.linkonce.tb.*)
 *(.rela.ctors)
 *(.rela.dtors)
 *(.rela.got)
 .rela.got      0x00000000000041c0       0x78 /usr/lib/gcc/x86_64-linux-gnu/7/../../../x86_64-linux-gnu/Scrt1.o
 *(.rela.bss .rela.bss.* .rela.gnu.linkonce.b.*)
 .rela.bss      0x0000000000004238       0x30 /usr/lib/gcc/x86_64-linux-gnu/7/../../../x86_64-linux-gnu/Scrt1.o
 *(.rela.ldata .rela.ldata.* .rela.gnu.linkonce.l.*)
 *(.rela.lbss .rela.lbss.* .rela.gnu.linkonce.lb.*)
 *(.rela.lrodata .rela.lrodata.* .rela.gnu.linkonce.lr.*)
 *(.rela.ifunc)
 .rela.ifunc    0x0000000000004268        0x0 /usr/lib/gcc/x86_64-linux-gnu/7/../../../x86_64-linux-gnu/Scrt1.o
 .rela.fini_array
                0x0000000000004268       0x18 /usr/lib/gcc/x86_64-linux-gnu/7/../../../x86_64-linux-gnu/Scrt1.o
 .rela.init_array
                0x0000000000004280       0x18 /usr/lib/gcc/x86_64-linux-gnu/7/../../../x86_64-linux-gnu/Scrt1.o

.rela.plt       0x0000000000004298      0x1e0
 *(.rela.plt)
 .rela.plt      0x0000000000004298      0x1e0 /usr/lib/gcc/x86_64-linux-gnu/7/../../../x86_64-linux-gnu/Scrt1.o
                [!provide]                        PROVIDE (__rela_iplt_start = .)
 *(.rela.iplt)
                [!provide]                        PROVIDE (__rela_iplt_end = .)

.init           0x0000000000004478       0x17
 *(SORT_NONE(.init))
 .init          0x0000000000004478       0x12 /usr/lib/gcc/x86_64-linux-gnu/7/../../../x86_64-linux-gnu/crti.o
                0x0000000000004478                _init
 .init          0x000000000000448a        0x5 /usr/lib/gcc/x86_64-linux-gnu/7/../../../x86_64-linux-gnu/crtn.o

.plt            0x0000000000004490      0x150
 *(.plt)
 .plt           0x0000000000004490      0x150 /usr/lib/gcc/x86_64-linux-gnu/7/../../../x86_64-linux-gnu/Scrt1.o
 *(.iplt)

.plt.got        0x00000000000045e0        0x8
 *(.plt.got)
 .plt.got       0x00000000000045e0        0x8 /usr/lib/gcc/x86_64-linux-gnu/7/../../../x86_64-linux-gnu/Scrt1.o

.plt.sec
 *(.plt.sec)

.text           0x00000000000045f0     0x3a82
 *(.text.unlikely .text.*_unlikely .text.unlikely.*)
 *(.text.exit .text.exit.*)
 *(.text.startup .text.startup.*)
 .text.startup  0x00000000000045f0      0x2c8 build/native/contiki-ng-native.a(contiki-main.o)
                0x00000000000045f0                main
 *(.text.hot .text.hot.*)
 *(.text .stub .text.* .gnu.linkonce.t.*)
 *fill*         0x00000000000048b8        0x8 
 .text          0x00000000000048c0       0x2b /usr/lib/gcc/x86_64-linux-gnu/7/../../../x86_64-linux-gnu/Scrt1.o
                0x00000000000048c0                _start
 .text          0x00000000000048eb        0x0 /usr/lib/gcc/x86_64-linux-gnu/7/../../../x86_64-linux-gnu/crti.o
 *fill*         0x00000000000048eb        0x5 
 .text          0x00000000000048f0       0xda /usr/lib/gcc/x86_64-linux-gnu/7/crtbeginS.o
 *fill*         0x00000000000049ca        0x6 
 .text          0x00000000000049d0      0x3d3 clicker-ng.o
                0x0000000000004a00                print_event_structure
                0x0000000000004a70                add_event_to_history
                0x0000000000004ac0                remove_event_from_history
                0x0000000000004b00                handle_event
 *fill*         0x0000000000004da3        0xd 
 .text          0x0000000000004db0       0xc2 build/native/contiki-ng-native.a(clock.o)
                0x0000000000004db0                clock_time
                0x0000000000004e20                clock_seconds
                0x0000000000004e60                clock_delay
                0x0000000000004e70                clock_init
 .text          0x0000000000004e72        0x0 build/native/contiki-ng-native.a(contiki-main.o)
 *fill*         0x0000000000004e72        0xe 
 .text          0x0000000000004e80       0x54 build/native/contiki-ng-native.a(autostart.o)
                0x0000000000004e80                autostart_start
                0x0000000000004eb0                autostart_exit
 *fill*         0x0000000000004ed4        0xc 
 .text          0x0000000000004ee0      0x364 build/native/contiki-ng-native.a(ctimer.o)
                0x0000000000005000                ctimer_init
                0x0000000000005030                ctimer_set_with_process
                0x00000000000050a0                ctimer_set
                0x00000000000050b0                ctimer_reset
                0x0000000000005120                ctimer_restart
                0x0000000000005190                ctimer_stop
                0x00000000000051f0                ctimer_expired
 *fill*         0x0000000000005244        0xc 
 .text          0x0000000000005250       0x23 build/native/contiki-ng-native.a(energest.o)
                0x0000000000005250                energest_init
                0x0000000000005260                energest_flush
                0x0000000000005270                energest_get_total_time
 *fill*         0x0000000000005273        0xd 
 .text          0x0000000000005280      0x44d build/native/contiki-ng-native.a(etimer.o)
                0x0000000000005520                etimer_request_poll
                0x0000000000005530                etimer_set
                0x0000000000005550                etimer_reset_with_new_interval
                0x0000000000005580                etimer_reset
                0x00000000000055a0                etimer_restart
                0x00000000000055c0                etimer_adjust
                0x00000000000055f0                etimer_expired
                0x0000000000005600                etimer_expiration_time
                0x0000000000005610                etimer_start_time
                0x0000000000005620                etimer_pending
                0x0000000000005630                etimer_next_expiration_time
                0x0000000000005650                etimer_stop
 *fill*         0x00000000000056cd        0x3 
 .text          0x00000000000056d0      0x2c8 build/native/contiki-ng-native.a(log.o)
                0x00000000000056d0                log_lladdr
                0x0000000000005770                log_lladdr_compact
                0x00000000000057c0                log_bytes
                0x0000000000005810                log_set_level
                0x00000000000058a0                log_get_level
                0x0000000000005930                log_level_to_str
 *fill*         0x0000000000005998        0x8 
 .text          0x00000000000059a0       0xaa build/native/contiki-ng-native.a(rtimer.o)
                0x00000000000059a0                rtimer_init
                0x00000000000059b0                rtimer_set
                0x0000000000005a00                rtimer_run_next
 *fill*         0x0000000000005a4a        0x6 
 .text          0x0000000000005a50       0x1b build/native/contiki-ng-native.a(node-id.o)
                0x0000000000005a50                node_id_init
 *fill*         0x0000000000005a6b        0x5 
 .text          0x0000000000005a70      0x44a build/native/contiki-ng-native.a(process.o)
                0x0000000000005c30                process_alloc_event
                0x0000000000005c50                process_start
                0x0000000000005cc0                process_exit
                0x0000000000005cd0                process_init
                0x0000000000005d00                process_run
                0x0000000000005df0                process_nevents
                0x0000000000005e10                process_post
                0x0000000000005e60                process_post_synch
                0x0000000000005e80                process_poll
                0x0000000000005eb0                process_is_running
 *fill*         0x0000000000005eba        0x6 
 .text          0x0000000000005ec0       0x95 build/native/contiki-ng-native.a(timer.o)
                0x0000000000005ec0                timer_set
                0x0000000000005ee0                timer_reset
                0x0000000000005f10                timer_restart
                0x0000000000005f20                timer_expired
                0x0000000000005f40                timer_remaining
 *fill*         0x0000000000005f55        0xb 
 .text          0x0000000000005f60      0x316 build/native/contiki-ng-native.a(sensors.o)
                0x0000000000006110                sensors_first
                0x0000000000006120                sensors_next
                0x0000000000006190                sensors_changed
                0x0000000000006200                sensors_find
 *fill*         0x0000000000006276        0xa 
 .text          0x0000000000006280      0x343 build/native/contiki-ng-native.a(list.o)
                0x0000000000006280                list_init
                0x0000000000006290                list_head
                0x00000000000062a0                list_copy
                0x00000000000062b0                list_tail
                0x00000000000062d0                list_add
                0x0000000000006350                list_push
                0x00000000000063c0                list_chop
                0x0000000000006400                list_pop
                0x0000000000006410                list_remove
                0x0000000000006480                list_length
                0x00000000000064b0                list_insert
                0x0000000000006570                list_item_next
                0x0000000000006590                list_contains
 *fill*         0x00000000000065c3        0xd 
 .text          0x00000000000065d0       0x83 build/native/contiki-ng-native.a(leds.o)
                0x00000000000065d0                leds_init
                0x00000000000065e0                leds_single_on
                0x00000000000065f0                leds_single_off
                0x0000000000006600                leds_single_toggle
                0x0000000000006610                leds_on
                0x0000000000006620                leds_off
                0x0000000000006630                leds_toggle
                0x0000000000006640                leds_set
                0x0000000000006650                leds_get
 *fill*         0x0000000000006653        0xd 
 .text          0x0000000000006660      0x202 build/native/contiki-ng-native.a(queuebuf.o)
                0x0000000000006660                queuebuf_init
                0x0000000000006680                queuebuf_numfree
                0x0000000000006690                queuebuf_new_from_packetbuf
                0x0000000000006710                queuebuf_update_attr_from_packetbuf
                0x0000000000006730                queuebuf_update_from_packetbuf
                0x0000000000006760                queuebuf_free
                0x00000000000067a0                queuebuf_to_packetbuf
                0x00000000000067f0                queuebuf_dataptr
                0x0000000000006820                queuebuf_datalen
                0x0000000000006830                queuebuf_addr
                0x0000000000006850                queuebuf_attr
                0x0000000000006860                queuebuf_debug_print
 *fill*         0x0000000000006862        0xe 
 .text          0x0000000000006870      0x3e3 build/native/contiki-ng-native.a(packetbuf.o)
                0x0000000000006870                packetbuf_copyto
                0x0000000000006950                packetbuf_hdralloc
                0x00000000000069c0                packetbuf_hdrreduce
                0x00000000000069f0                packetbuf_set_datalen
                0x0000000000006a00                packetbuf_dataptr
                0x0000000000006a20                packetbuf_hdrptr
                0x0000000000006a30                packetbuf_datalen
                0x0000000000006a40                packetbuf_hdrlen
                0x0000000000006a50                packetbuf_totlen
                0x0000000000006a70                packetbuf_remaininglen
                0x0000000000006a90                packetbuf_attr_clear
                0x0000000000006ae0                packetbuf_clear
                0x0000000000006b00                packetbuf_copyfrom
                0x0000000000006b60                packetbuf_attr_copyto
                0x0000000000006b90                packetbuf_attr_copyfrom
                0x0000000000006bc0                packetbuf_set_attr
                0x0000000000006be0                packetbuf_attr
                0x0000000000006bf0                packetbuf_set_addr
                0x0000000000006c20                packetbuf_addr
                0x0000000000006c40                packetbuf_holds_broadcast
 *fill*         0x0000000000006c53        0xd 
 .text          0x0000000000006c60       0xba build/native/contiki-ng-native.a(netstack.o)
                0x0000000000006c60                netstack_process_ip_callback
                0x0000000000006cd0                netstack_ip_packet_processor_add
                0x0000000000006cf0                uip_ds6_ip_packet_processor_rm
                0x0000000000006d00                netstack_init
 *fill*         0x0000000000006d1a        0x6 
 .text          0x0000000000006d20       0x2b build/native/contiki-ng-native.a(linkaddr.o)
                0x0000000000006d20                linkaddr_copy
                0x0000000000006d30                linkaddr_cmp
                0x0000000000006d40                linkaddr_set_node_addr
 *fill*         0x0000000000006d4b        0x5 
 .text          0x0000000000006d50       0x52 build/native/contiki-ng-native.a(nullmac.o)
 *fill*         0x0000000000006da2        0xe 
 .text          0x0000000000006db0       0xf8 build/native/contiki-ng-native.a(nullnet.o)
                0x0000000000006ea0                nullnet_set_input_callback
 *fill*         0x0000000000006ea8        0x8 
 .text          0x0000000000006eb0      0x132 build/native/contiki-ng-native.a(nullrouting.o)
 *fill*         0x0000000000006fe2        0xe 
 .text          0x0000000000006ff0      0x36d build/native/contiki-ng-native.a(platform.o)
                0x0000000000007060                select_set_callback
                0x00000000000070f0                native_uart_set_input
                0x0000000000007100                platform_process_args
                0x0000000000007110                platform_init_stage_one
                0x0000000000007130                platform_init_stage_two
                0x00000000000071a0                platform_init_stage_three
                0x00000000000071c0                platform_main_loop
                0x0000000000007320                log_message
                0x0000000000007340                uip_log
 *fill*         0x000000000000735d        0x3 
 .text          0x0000000000007360       0xbe build/native/contiki-ng-native.a(rtimer-arch.o)
                0x0000000000007380                rtimer_arch_init
                0x00000000000073a0                rtimer_arch_schedule
 *fill*         0x000000000000741e        0x2 
 .text          0x0000000000007420       0x4e build/native/contiki-ng-native.a(watchdog.o)
                0x0000000000007420                watchdog_init
                0x0000000000007430                watchdog_start
                0x0000000000007440                watchdog_periodic
                0x0000000000007450                watchdog_stop
                0x0000000000007460                watchdog_reboot
 *fill*         0x000000000000746e        0x2 
 .text          0x0000000000007470      0x15b build/native/contiki-ng-native.a(memb.o)
                0x0000000000007470                memb_init
                0x00000000000074a0                memb_alloc
                0x0000000000007500                memb_free
                0x0000000000007560                memb_inmemb
                0x0000000000007590                memb_numfree
 *fill*         0x00000000000075cb        0x5 
 .text          0x00000000000075d0      0x378 build/native/contiki-ng-native.a(button-hal.o)
                0x0000000000007720                button_hal_get_by_id
                0x0000000000007760                button_hal_get_by_index
                0x0000000000007790                button_hal_get_state
                0x0000000000007870                button_hal_init
 *fill*         0x0000000000007948        0x8 
 .text          0x0000000000007950      0x1be build/native/contiki-ng-native.a(serial-line.o)
                0x0000000000007a70                serial_line_input_byte
                0x0000000000007ae0                serial_line_init
 *fill*         0x0000000000007b0e        0x2 
 .text          0x0000000000007b10       0xf3 build/native/contiki-ng-native.a(nullradio.o)
 *fill*         0x0000000000007c03        0xd 
 .text          0x0000000000007c10      0x104 build/native/contiki-ng-native.a(gpio-hal.o)
                0x0000000000007c10                gpio_hal_register_handler
                0x0000000000007c20                gpio_hal_event_handler
                0x0000000000007c70                gpio_hal_init
                0x0000000000007c90                gpio_hal_arch_port_toggle_pin
                0x0000000000007cb0                gpio_hal_arch_port_toggle_pins
                0x0000000000007cd0                gpio_hal_arch_no_port_toggle_pin
                0x0000000000007d00                gpio_hal_arch_no_port_toggle_pins
 .text          0x0000000000007d14        0x0 build/native/contiki-ng-native.a(buttons.o)
 *fill*         0x0000000000007d14        0xc 
 .text          0x0000000000007d20       0x4c build/native/contiki-ng-native.a(int-master.o)
                0x0000000000007d20                int_master_enable
                0x0000000000007d30                int_master_read_and_disable
                0x0000000000007d50                int_master_status_set
                0x0000000000007d60                int_master_is_enabled
 *fill*         0x0000000000007d6c        0x4 
 .text          0x0000000000007d70      0x1cb build/native/contiki-ng-native.a(gpio-hal-arch.o)
                0x0000000000007d70                gpio_hal_arch_init
                0x0000000000007d80                gpio_hal_arch_no_port_interrupt_enable
                0x0000000000007d90                gpio_hal_arch_no_port_interrupt_disable
                0x0000000000007da0                gpio_hal_arch_no_port_pin_cfg_set
                0x0000000000007dc0                gpio_hal_arch_no_port_pin_cfg_get
                0x0000000000007de0                gpio_hal_arch_no_port_pin_set_input
                0x0000000000007df0                gpio_hal_arch_no_port_pin_set_output
                0x0000000000007e00                gpio_hal_arch_no_port_set_pin
                0x0000000000007e20                gpio_hal_arch_no_port_clear_pin
                0x0000000000007e40                gpio_hal_arch_no_port_read_pin
                0x0000000000007e60                gpio_hal_arch_no_port_write_pin
                0x0000000000007e80                gpio_hal_arch_no_port_set_pins
                0x0000000000007eb0                gpio_hal_arch_no_port_clear_pins
                0x0000000000007ee0                gpio_hal_arch_no_port_read_pins
                0x0000000000007f10                gpio_hal_arch_no_port_write_pins
 *fill*         0x0000000000007f3b        0x5 
 .text          0x0000000000007f40       0xb1 build/native/contiki-ng-native.a(ringbuf.o)
                0x0000000000007f40                ringbuf_init
                0x0000000000007f50                ringbuf_put
                0x0000000000007f90                ringbuf_get
                0x0000000000007fd0                ringbuf_size
                0x0000000000007fe0                ringbuf_elements
 *fill*         0x0000000000007ff1        0xf 
 .text          0x0000000000008000       0x72 /usr/lib/x86_64-linux-gnu/libc_nonshared.a(elf-init.oS)
                0x0000000000008000                __libc_csu_init
                0x0000000000008070                __libc_csu_fini
 .text          0x0000000000008072        0x0 /usr/lib/gcc/x86_64-linux-gnu/7/crtendS.o
 .text          0x0000000000008072        0x0 /usr/lib/gcc/x86_64-linux-gnu/7/../../../x86_64-linux-gnu/crtn.o
 *(.gnu.warning)

.fini           0x0000000000008074        0x9
 *(SORT_NONE(.fini))
 .fini          0x0000000000008074        0x4 /usr/lib/gcc/x86_64-linux-gnu/7/../../../x86_64-linux-gnu/crti.o
                0x0000000000008074                _fini
 .fini          0x0000000000008078        0x5 /usr/lib/gcc/x86_64-linux-gnu/7/../../../x86_64-linux-gnu/crtn.o
                [!provide]                        PROVIDE (__etext = .)
                [!provide]                        PROVIDE (_etext = .)
                [!provide]                        PROVIDE (etext = .)

.rodata         0x0000000000008080      0x2e3
 *(.rodata .rodata.* .gnu.linkonce.r.*)
 .rodata.cst4   0x0000000000008080        0x4 /usr/lib/gcc/x86_64-linux-gnu/7/../../../x86_64-linux-gnu/Scrt1.o
                0x0000000000008080                _IO_stdin_used
 .rodata.str1.1
                0x0000000000008084       0xd0 clicker-ng.o
 *fill*         0x0000000000008154        0x4 
 .rodata.str1.8
                0x0000000000008158       0x23 clicker-ng.o
 .rodata.str1.1
                0x000000000000817b       0x7a build/native/contiki-ng-native.a(contiki-main.o)
 *fill*         0x00000000000081f5        0x3 
 .rodata.str1.8
                0x00000000000081f8       0x58 build/native/contiki-ng-native.a(contiki-main.o)
 .rodata.str1.1
                0x0000000000008250        0xf build/native/contiki-ng-native.a(ctimer.o)
 .rodata.str1.1
                0x000000000000825f        0xc build/native/contiki-ng-native.a(etimer.o)
 .rodata.str1.1
                0x000000000000826b       0x8c build/native/contiki-ng-native.a(log.o)
                                         0x90 (size before relaxing)
 *fill*         0x00000000000082f7        0x1 
 .rodata        0x00000000000082f8       0x14 build/native/contiki-ng-native.a(log.o)
 .rodata.str1.1
                0x000000000000830c        0x8 build/native/contiki-ng-native.a(sensors.o)
 *fill*         0x0000000000008314        0x4 
 .rodata        0x0000000000008318        0x8 build/native/contiki-ng-native.a(linkaddr.o)
                0x0000000000008318                linkaddr_null
 .rodata.str1.1
                0x0000000000008320        0x8 build/native/contiki-ng-native.a(nullmac.o)
 .rodata.str1.1
                0x0000000000008328        0x8 build/native/contiki-ng-native.a(nullnet.o)
 .rodata.str1.1
                0x0000000000008328        0xc build/native/contiki-ng-native.a(nullrouting.o)
 .rodata.str1.1
                0x0000000000008334        0xd build/native/contiki-ng-native.a(platform.o)
                                         0x11 (size before relaxing)
 .rodata.str1.1
                0x0000000000008341       0x13 build/native/contiki-ng-native.a(button-hal.o)
 .rodata.str1.1
                0x0000000000008354        0xe build/native/contiki-ng-native.a(serial-line.o)
 .rodata        0x0000000000008362        0x1 build/native/contiki-ng-native.a(buttons.o)
                0x0000000000008362                button_hal_button_count

.rodata1
 *(.rodata1)

.eh_frame_hdr   0x0000000000008364      0x7cc
 *(.eh_frame_hdr)
 .eh_frame_hdr  0x0000000000008364      0x7cc /usr/lib/gcc/x86_64-linux-gnu/7/../../../x86_64-linux-gnu/Scrt1.o
                0x0000000000008364                __GNU_EH_FRAME_HDR
 *(.eh_frame_entry .eh_frame_entry.*)

.eh_frame       0x0000000000008b30     0x19e0
 *(.eh_frame)
 .eh_frame      0x0000000000008b30       0x30 /usr/lib/gcc/x86_64-linux-gnu/7/../../../x86_64-linux-gnu/Scrt1.o
                                         0x2c (size before relaxing)
 *fill*         0x0000000000008b60        0x0 
 .eh_frame      0x0000000000008b60       0x40 /usr/lib/gcc/x86_64-linux-gnu/7/../../../x86_64-linux-gnu/Scrt1.o
 .eh_frame      0x0000000000008ba0       0x18 /usr/lib/gcc/x86_64-linux-gnu/7/../../../x86_64-linux-gnu/Scrt1.o
                                         0x30 (size before relaxing)
 .eh_frame      0x0000000000008bb8      0x100 clicker-ng.o
                                        0x118 (size before relaxing)
 .eh_frame      0x0000000000008cb8       0x60 build/native/contiki-ng-native.a(clock.o)
                                         0x78 (size before relaxing)
 .eh_frame      0x0000000000008d18       0x20 build/native/contiki-ng-native.a(contiki-main.o)
                                         0x38 (size before relaxing)
 .eh_frame      0x0000000000008d38       0x38 build/native/contiki-ng-native.a(autostart.o)
                                         0x50 (size before relaxing)
 .eh_frame      0x0000000000008d70      0x118 build/native/contiki-ng-native.a(ctimer.o)
                                        0x130 (size before relaxing)
 .eh_frame      0x0000000000008e88       0x40 build/native/contiki-ng-native.a(energest.o)
                                         0x58 (size before relaxing)
 .eh_frame      0x0000000000008ec8      0x1b0 build/native/contiki-ng-native.a(etimer.o)
                                        0x1c8 (size before relaxing)
 .eh_frame      0x0000000000009078      0x128 build/native/contiki-ng-native.a(log.o)
                                        0x140 (size before relaxing)
 .eh_frame      0x00000000000091a0       0x50 build/native/contiki-ng-native.a(rtimer.o)
                                         0x68 (size before relaxing)
 .eh_frame      0x00000000000091f0       0x18 build/native/contiki-ng-native.a(node-id.o)
                                         0x30 (size before relaxing)
 .eh_frame      0x0000000000009208      0x188 build/native/contiki-ng-native.a(process.o)
                                        0x1a0 (size before relaxing)
 .eh_frame      0x0000000000009390       0x90 build/native/contiki-ng-native.a(timer.o)
                                         0xa8 (size before relaxing)
 .eh_frame      0x0000000000009420       0xc8 build/native/contiki-ng-native.a(sensors.o)
                                         0xe0 (size before relaxing)
 .eh_frame      0x00000000000094e8      0x108 build/native/contiki-ng-native.a(list.o)
                                        0x120 (size before relaxing)
 .eh_frame      0x00000000000095f0       0xb8 build/native/contiki-ng-native.a(leds.o)
                                         0xd0 (size before relaxing)
 .eh_frame      0x00000000000096a8      0x138 build/native/contiki-ng-native.a(queuebuf.o)
                                        0x150 (size before relaxing)
 .eh_frame      0x00000000000097e0      0x1c0 build/native/contiki-ng-native.a(packetbuf.o)
                                        0x1d8 (size before relaxing)
 .eh_frame      0x00000000000099a0       0x78 build/native/contiki-ng-native.a(netstack.o)
                                         0x90 (size before relaxing)
 .eh_frame      0x0000000000009a18       0x40 build/native/contiki-ng-native.a(linkaddr.o)
                                         0x58 (size before relaxing)
 .eh_frame      0x0000000000009a58       0x78 build/native/contiki-ng-native.a(nullmac.o)
                                         0x90 (size before relaxing)
 .eh_frame      0x0000000000009ad0       0x98 build/native/contiki-ng-native.a(nullnet.o)
                                         0xb0 (size before relaxing)
 .eh_frame      0x0000000000009b68      0x190 build/native/contiki-ng-native.a(nullrouting.o)
                                        0x1a8 (size before relaxing)
 .eh_frame      0x0000000000009cf8      0x110 build/native/contiki-ng-native.a(platform.o)
                                        0x128 (size before relaxing)
 .eh_frame      0x0000000000009e08       0x50 build/native/contiki-ng-native.a(rtimer-arch.o)
                                         0x68 (size before relaxing)
 .eh_frame      0x0000000000009e58       0x68 build/native/contiki-ng-native.a(watchdog.o)
                                         0x80 (size before relaxing)
 .eh_frame      0x0000000000009ec0       0x70 build/native/contiki-ng-native.a(memb.o)
                                         0x88 (size before relaxing)
 .eh_frame      0x0000000000009f30      0x138 build/native/contiki-ng-native.a(button-hal.o)
                                        0x150 (size before relaxing)
 .eh_frame      0x000000000000a068       0x80 build/native/contiki-ng-native.a(serial-line.o)
                                         0x98 (size before relaxing)
 .eh_frame      0x000000000000a0e8      0x118 build/native/contiki-ng-native.a(nullradio.o)
                                        0x130 (size before relaxing)
 .eh_frame      0x000000000000a200       0xc8 build/native/contiki-ng-native.a(gpio-hal.o)
                                         0xe0 (size before relaxing)
 .eh_frame      0x000000000000a2c8       0x50 build/native/contiki-ng-native.a(int-master.o)
                                         0x68 (size before relaxing)
 .eh_frame      0x000000000000a318      0x130 build/native/contiki-ng-native.a(gpio-hal-arch.o)
                                        0x148 (size before relaxing)
 .eh_frame      0x000000000000a448       0x68 build/native/contiki-ng-native.a(ringbuf.o)
                                         0x80 (size before relaxing)
 .eh_frame      0x000000000000a4b0       0x5c /usr/lib/x86_64-linux-gnu/libc_nonshared.a(elf-init.oS)
                                         0x78 (size before relaxing)
 .eh_frame      0x000000000000a50c        0x4 /usr/lib/gcc/x86_64-linux-gnu/7/crtendS.o
 *(.eh_frame.*)

.gcc_except_table
 *(.gcc_except_table .gcc_except_table.*)

.gnu_extab
 *(.gnu_extab*)

.exception_ranges
 *(.exception_ranges .exception_ranges*)
                0x000000000020ab50                . = DATA_SEGMENT_ALIGN (CONSTANT (MAXPAGESIZE), CONSTANT (COMMONPAGESIZE))

.eh_frame
 *(.eh_frame)
 *(.eh_frame.*)

.gnu_extab
 *(.gnu_extab)

.gcc_except_table
 *(.gcc_except_table .gcc_except_table.*)

.exception_ranges
 *(.exception_ranges .exception_ranges*)

.tdata
 *(.tdata .tdata.* .gnu.linkonce.td.*)

.tbss
 *(.tbss .tbss.* .gnu.linkonce.tb.*)
 *(.tcommon)

.preinit_array  0x000000000020ab50        0x0
                [!provide]                        PROVIDE (__preinit_array_start = .)
 *(.preinit_array)
                [!provide]                        PROVIDE (__preinit_array_end = .)

.init_array     0x000000000020ab50        0x8
                0x000000000020ab50                PROVIDE (__init_array_start = .)
 *(SORT_BY_INIT_PRIORITY(.init_array.*) SORT_BY_INIT_PRIORITY(.ctors.*))
 *(.init_array EXCLUDE_FILE(*crtend?.o *crtend.o *crtbegin?.o *crtbegin.o) .ctors)
 .init_array    0x000000000020ab50        0x8 /usr/lib/gcc/x86_64-linux-gnu/7/crtbeginS.o
                0x000000000020ab58                PROVIDE (__init_array_end = .)

.fini_array     0x000000000020ab58        0x8
                [!provide]                        PROVIDE (__fini_array_start = .)
 *(SORT_BY_INIT_PRIORITY(.fini_array.*) SORT_BY_INIT_PRIORITY(.dtors.*))
 *(.fini_array EXCLUDE_FILE(*crtend?.o *crtend.o *crtbegin?.o *crtbegin.o) .dtors)
 .fini_array    0x000000000020ab58        0x8 /usr/lib/gcc/x86_64-linux-gnu/7/crtbeginS.o
                [!provide]                        PROVIDE (__fini_array_end = .)

.ctors
 *crtbegin.o(.ctors)
 *crtbegin?.o(.ctors)
 *(EXCLUDE_FILE(*crtend?.o *crtend.o) .ctors)
 *(SORT_BY_NAME(.ctors.*))
 *(.ctors)

.dtors
 *crtbegin.o(.dtors)
 *crtbegin?.o(.dtors)
 *(EXCLUDE_FILE(*crtend?.o *crtend.o) .dtors)
 *(SORT_BY_NAME(.dtors.*))
 *(.dtors)

.jcr
 *(.jcr)

.data.rel.ro    0x000000000020ab60      0x1b0
 *(.data.rel.ro.local* .gnu.linkonce.d.rel.ro.local.*)
 .data.rel.ro.local
                0x000000000020ab60       0x10 clicker-ng.o
                0x000000000020ab60                autostart_processes
 *fill*         0x000000000020ab70       0x10 
 .data.rel.ro.local
                0x000000000020ab80       0x38 build/native/contiki-ng-native.a(nullmac.o)
                0x000000000020ab80                nullmac_driver
 *fill*         0x000000000020abb8        0x8 
 .data.rel.ro.local
                0x000000000020abc0       0x20 build/native/contiki-ng-native.a(nullnet.o)
                0x000000000020abc0                nullnet_driver
 .data.rel.ro.local
                0x000000000020abe0       0xa8 build/native/contiki-ng-native.a(nullrouting.o)
                0x000000000020abe0                nullrouting_driver
 *fill*         0x000000000020ac88        0x8 
 .data.rel.ro.local
                0x000000000020ac90       0x10 build/native/contiki-ng-native.a(platform.o)
 .data.rel.ro.local
                0x000000000020aca0       0x70 build/native/contiki-ng-native.a(nullradio.o)
                0x000000000020aca0                nullradio_driver
 *(.data.rel.ro .data.rel.ro.* .gnu.linkonce.d.rel.ro.*)
 .data.rel.ro   0x000000000020ad10        0x0 /usr/lib/gcc/x86_64-linux-gnu/7/../../../x86_64-linux-gnu/Scrt1.o

.dynamic        0x000000000020ad10      0x210
 *(.dynamic)
 .dynamic       0x000000000020ad10      0x210 /usr/lib/gcc/x86_64-linux-gnu/7/../../../x86_64-linux-gnu/Scrt1.o
                0x000000000020ad10                _DYNAMIC

.got            0x000000000020af20       0xe0
 *(.got.plt)
 .got.plt       0x000000000020af20       0xb8 /usr/lib/gcc/x86_64-linux-gnu/7/../../../x86_64-linux-gnu/Scrt1.o
                0x000000000020af20                _GLOBAL_OFFSET_TABLE_
 *(.igot.plt)
 *(.got)
 .got           0x000000000020afd8       0x28 /usr/lib/gcc/x86_64-linux-gnu/7/../../../x86_64-linux-gnu/Scrt1.o
 *(.igot)
                0x000000000020b000                . = DATA_SEGMENT_RELRO_END (., 0x0)

.data           0x000000000020b000      0x280
 *(.data .data.* .gnu.linkonce.d.*)
 .data          0x000000000020b000        0x4 /usr/lib/gcc/x86_64-linux-gnu/7/../../../x86_64-linux-gnu/Scrt1.o
                0x000000000020b000                data_start
                0x000000000020b000                __data_start
 .data          0x000000000020b004        0x0 /usr/lib/gcc/x86_64-linux-gnu/7/../../../x86_64-linux-gnu/crti.o
 .data          0x000000000020b004        0x0 /usr/lib/gcc/x86_64-linux-gnu/7/crtbeginS.o
 *fill*         0x000000000020b004        0x4 
 .data.rel.local
                0x000000000020b008        0x8 /usr/lib/gcc/x86_64-linux-gnu/7/crtbeginS.o
                0x000000000020b008                __dso_handle
 .data          0x000000000020b010        0x4 clicker-ng.o
 *fill*         0x000000000020b014        0xc 
 .data.rel.local
                0x000000000020b020       0x20 clicker-ng.o
                0x000000000020b020                clicker_ng_process
 .data          0x000000000020b040        0x0 build/native/contiki-ng-native.a(clock.o)
 .data          0x000000000020b040        0x0 build/native/contiki-ng-native.a(contiki-main.o)
 .data          0x000000000020b040        0x0 build/native/contiki-ng-native.a(autostart.o)
 .data          0x000000000020b040        0x0 build/native/contiki-ng-native.a(ctimer.o)
 .data.rel.local
                0x000000000020b040       0x20 build/native/contiki-ng-native.a(ctimer.o)
                0x000000000020b040                ctimer_process
 .data          0x000000000020b060        0x0 build/native/contiki-ng-native.a(energest.o)
 .data          0x000000000020b060        0x0 build/native/contiki-ng-native.a(etimer.o)
 .data.rel.local
                0x000000000020b060       0x20 build/native/contiki-ng-native.a(etimer.o)
                0x000000000020b060                etimer_process
 .data          0x000000000020b080        0x4 build/native/contiki-ng-native.a(log.o)
                0x000000000020b080                curr_log_level_main
 *fill*         0x000000000020b084       0x1c 
 .data.rel.local
                0x000000000020b0a0      0x138 build/native/contiki-ng-native.a(log.o)
                0x000000000020b0a0                all_modules
 .data          0x000000000020b1d8        0x0 build/native/contiki-ng-native.a(rtimer.o)
 .data          0x000000000020b1d8        0x0 build/native/contiki-ng-native.a(node-id.o)
 .data          0x000000000020b1d8        0x0 build/native/contiki-ng-native.a(process.o)
 .data          0x000000000020b1d8        0x0 build/native/contiki-ng-native.a(timer.o)
 .data          0x000000000020b1d8        0x0 build/native/contiki-ng-native.a(sensors.o)
 *fill*         0x000000000020b1d8        0x8 
 .data.rel.local
                0x000000000020b1e0       0x20 build/native/contiki-ng-native.a(sensors.o)
                0x000000000020b1e0                sensors_process
 .data          0x000000000020b200        0x0 build/native/contiki-ng-native.a(list.o)
 .data          0x000000000020b200        0x0 build/native/contiki-ng-native.a(leds.o)
 .data          0x000000000020b200        0x0 build/native/contiki-ng-native.a(queuebuf.o)
 .data.rel.local
                0x000000000020b200       0x38 build/native/contiki-ng-native.a(queuebuf.o)
 .data          0x000000000020b238        0x0 build/native/contiki-ng-native.a(packetbuf.o)
 .data          0x000000000020b238        0x0 build/native/contiki-ng-native.a(netstack.o)
 .data          0x000000000020b238        0x0 build/native/contiki-ng-native.a(linkaddr.o)
 .data          0x000000000020b238        0x0 build/native/contiki-ng-native.a(nullmac.o)
 .data          0x000000000020b238        0x0 build/native/contiki-ng-native.a(nullnet.o)
 .data          0x000000000020b238        0x0 build/native/contiki-ng-native.a(nullrouting.o)
 .data          0x000000000020b238        0x0 build/native/contiki-ng-native.a(platform.o)
 .data          0x000000000020b238        0x0 build/native/contiki-ng-native.a(rtimer-arch.o)
 .data          0x000000000020b238        0x0 build/native/contiki-ng-native.a(watchdog.o)
 .data          0x000000000020b238        0x0 build/native/contiki-ng-native.a(memb.o)
 .data          0x000000000020b238        0x0 build/native/contiki-ng-native.a(button-hal.o)
 *fill*         0x000000000020b238        0x8 
 .data.rel.local
                0x000000000020b240       0x20 build/native/contiki-ng-native.a(button-hal.o)
                0x000000000020b240                button_hal_process
 .data          0x000000000020b260        0x0 build/native/contiki-ng-native.a(serial-line.o)
 .data.rel.local
                0x000000000020b260       0x20 build/native/contiki-ng-native.a(serial-line.o)
                0x000000000020b260                serial_line_process
 .data          0x000000000020b280        0x0 build/native/contiki-ng-native.a(nullradio.o)
 .data          0x000000000020b280        0x0 build/native/contiki-ng-native.a(gpio-hal.o)
 .data          0x000000000020b280        0x0 build/native/contiki-ng-native.a(buttons.o)
 .data          0x000000000020b280        0x0 build/native/contiki-ng-native.a(int-master.o)
 .data          0x000000000020b280        0x0 build/native/contiki-ng-native.a(gpio-hal-arch.o)
 .data          0x000000000020b280        0x0 build/native/contiki-ng-native.a(ringbuf.o)
 .data          0x000000000020b280        0x0 /usr/lib/x86_64-linux-gnu/libc_nonshared.a(elf-init.oS)
 .data          0x000000000020b280        0x0 /usr/lib/gcc/x86_64-linux-gnu/7/crtendS.o
 .data          0x000000000020b280        0x0 /usr/lib/gcc/x86_64-linux-gnu/7/../../../x86_64-linux-gnu/crtn.o

.tm_clone_table
                0x000000000020b280        0x0
 .tm_clone_table
                0x000000000020b280        0x0 /usr/lib/gcc/x86_64-linux-gnu/7/crtbeginS.o
 .tm_clone_table
                0x000000000020b280        0x0 /usr/lib/gcc/x86_64-linux-gnu/7/crtendS.o

.data1
 *(.data1)
                0x000000000020b280                _edata = .
                [!provide]                        PROVIDE (edata = .)
                0x000000000020b280                . = .
                0x000000000020b280                __bss_start = .

.bss            0x000000000020b280      0xdc8
 *(.dynbss)
 .dynbss        0x000000000020b280       0x28 /usr/lib/gcc/x86_64-linux-gnu/7/../../../x86_64-linux-gnu/Scrt1.o
                0x000000000020b280                stdout@@GLIBC_2.2.5
                0x000000000020b2a0                stderr@@GLIBC_2.2.5
 *(.bss .bss.* .gnu.linkonce.b.*)
 .bss           0x000000000020b2a8        0x0 /usr/lib/gcc/x86_64-linux-gnu/7/../../../x86_64-linux-gnu/Scrt1.o
 .bss           0x000000000020b2a8        0x0 /usr/lib/gcc/x86_64-linux-gnu/7/../../../x86_64-linux-gnu/crti.o
 .bss           0x000000000020b2a8        0x1 /usr/lib/gcc/x86_64-linux-gnu/7/crtbeginS.o
 *fill*         0x000000000020b2a9       0x17 
 .bss           0x000000000020b2c0       0x20 clicker-ng.o
 .bss           0x000000000020b2e0        0x0 build/native/contiki-ng-native.a(clock.o)
 .bss           0x000000000020b2e0        0x0 build/native/contiki-ng-native.a(contiki-main.o)
 .bss           0x000000000020b2e0        0x0 build/native/contiki-ng-native.a(autostart.o)
 .bss           0x000000000020b2e0       0x10 build/native/contiki-ng-native.a(ctimer.o)
 .bss           0x000000000020b2f0        0x0 build/native/contiki-ng-native.a(energest.o)
 .bss           0x000000000020b2f0       0x10 build/native/contiki-ng-native.a(etimer.o)
 .bss           0x000000000020b300       0x2c build/native/contiki-ng-native.a(log.o)
                0x000000000020b300                curr_log_level_lwm2m
                0x000000000020b304                curr_log_level_snmp
                0x000000000020b308                curr_log_level_coap
                0x000000000020b30c                curr_log_level_6top
                0x000000000020b310                curr_log_level_framer
                0x000000000020b314                curr_log_level_mac
                0x000000000020b318                curr_log_level_nullnet
                0x000000000020b31c                curr_log_level_6lowpan
                0x000000000020b320                curr_log_level_ipv6
                0x000000000020b324                curr_log_level_tcpip
                0x000000000020b328                curr_log_level_rpl
 *fill*         0x000000000020b32c        0x4 
 .bss           0x000000000020b330        0x8 build/native/contiki-ng-native.a(rtimer.o)
 .bss           0x000000000020b338        0x2 build/native/contiki-ng-native.a(node-id.o)
                0x000000000020b338                node_id
 *fill*         0x000000000020b33a        0x6 
 .bss           0x000000000020b340      0x323 build/native/contiki-ng-native.a(process.o)
                0x000000000020b340                process_current
                0x000000000020b348                process_list
 .bss           0x000000000020b663        0x0 build/native/contiki-ng-native.a(timer.o)
 *fill*         0x000000000020b663        0x1 
 .bss           0x000000000020b664        0x9 build/native/contiki-ng-native.a(sensors.o)
 .bss           0x000000000020b66d        0x0 build/native/contiki-ng-native.a(list.o)
 .bss           0x000000000020b66d        0x0 build/native/contiki-ng-native.a(leds.o)
 *fill*         0x000000000020b66d       0x13 
 .bss           0x000000000020b680      0x5c8 build/native/contiki-ng-native.a(queuebuf.o)
 *fill*         0x000000000020bc48       0x18 
 .bss           0x000000000020bc60       0x86 build/native/contiki-ng-native.a(packetbuf.o)
 *fill*         0x000000000020bce6        0x2 
 .bss           0x000000000020bce8        0x8 build/native/contiki-ng-native.a(netstack.o)
 .bss           0x000000000020bcf0        0x0 build/native/contiki-ng-native.a(linkaddr.o)
 .bss           0x000000000020bcf0        0x0 build/native/contiki-ng-native.a(nullmac.o)
 .bss           0x000000000020bcf0        0x8 build/native/contiki-ng-native.a(nullnet.o)
 .bss           0x000000000020bcf8        0x0 build/native/contiki-ng-native.a(nullrouting.o)
 *fill*         0x000000000020bcf8        0x8 
 .bss           0x000000000020bd00       0x60 build/native/contiki-ng-native.a(platform.o)
                0x000000000020bd00                contiki_argc
 .bss           0x000000000020bd60        0x0 build/native/contiki-ng-native.a(rtimer-arch.o)
 .bss           0x000000000020bd60        0x0 build/native/contiki-ng-native.a(watchdog.o)
 .bss           0x000000000020bd60        0x0 build/native/contiki-ng-native.a(memb.o)
 .bss           0x000000000020bd60       0x1c build/native/contiki-ng-native.a(button-hal.o)
 *fill*         0x000000000020bd7c        0x4 
 .bss           0x000000000020bd80      0x150 build/native/contiki-ng-native.a(serial-line.o)
 .bss           0x000000000020bed0        0x0 build/native/contiki-ng-native.a(nullradio.o)
 .bss           0x000000000020bed0        0x8 build/native/contiki-ng-native.a(gpio-hal.o)
 .bss           0x000000000020bed8        0x8 build/native/contiki-ng-native.a(buttons.o)
                0x000000000020bed8                button_hal_buttons
 .bss           0x000000000020bee0        0x4 build/native/contiki-ng-native.a(int-master.o)
 *fill*         0x000000000020bee4       0x1c 
 .bss           0x000000000020bf00       0xa0 build/native/contiki-ng-native.a(gpio-hal-arch.o)
 .bss           0x000000000020bfa0        0x0 build/native/contiki-ng-native.a(ringbuf.o)
 .bss           0x000000000020bfa0        0x0 /usr/lib/x86_64-linux-gnu/libc_nonshared.a(elf-init.oS)
 .bss           0x000000000020bfa0        0x0 /usr/lib/gcc/x86_64-linux-gnu/7/crtendS.o
 .bss           0x000000000020bfa0        0x0 /usr/lib/gcc/x86_64-linux-gnu/7/../../../x86_64-linux-gnu/crtn.o
 *(COMMON)
 COMMON         0x000000000020bfa0       0x48 clicker-ng.o
                0x000000000020bfa0                event_history
 COMMON         0x000000000020bfe8        0x1 build/native/contiki-ng-native.a(sensors.o)
                0x000000000020bfe8                sensors_event
 *fill*         0x000000000020bfe9        0x7 
 COMMON         0x000000000020bff0       0x30 build/native/contiki-ng-native.a(packetbuf.o)
                0x000000000020bff0                packetbuf_attrs
                0x000000000020c010                packetbuf_addrs
 COMMON         0x000000000020c020        0x8 build/native/contiki-ng-native.a(linkaddr.o)
                0x000000000020c020                linkaddr_node_addr
 COMMON         0x000000000020c028       0x10 build/native/contiki-ng-native.a(nullnet.o)
                0x000000000020c028                nullnet_len
                0x000000000020c030                nullnet_buf
 COMMON         0x000000000020c038        0x8 build/native/contiki-ng-native.a(platform.o)
                0x000000000020c038                contiki_argv
 COMMON         0x000000000020c040        0x3 build/native/contiki-ng-native.a(button-hal.o)
                0x000000000020c040                button_hal_periodic_event
                0x000000000020c041                button_hal_press_event
                0x000000000020c042                button_hal_release_event
 COMMON         0x000000000020c043        0x1 build/native/contiki-ng-native.a(serial-line.o)
                0x000000000020c043                serial_line_event_message
                0x000000000020c048                . = ALIGN ((. != 0x0)?0x8:0x1)
 *fill*         0x000000000020c044        0x4 

.lbss
 *(.dynlbss)
 *(.lbss .lbss.* .gnu.linkonce.lb.*)
 *(LARGE_COMMON)
                0x000000000020c048                . = ALIGN (0x8)
                0x000000000020c048                . = SEGMENT_START ("ldata-segment", .)

.lrodata
 *(.lrodata .lrodata.* .gnu.linkonce.lr.*)

.ldata          0x000000000060c048        0x0
 *(.ldata .ldata.* .gnu.linkonce.l.*)
                0x000000000060c048                . = ALIGN ((. != 0x0)?0x8:0x1)
                0x000000000060c048                . = ALIGN (0x8)
                0x000000000060c048                _end = .
                [!provide]                        PROVIDE (end = .)
                0x000000000060c048                . = DATA_SEGMENT_END (.)

.stab
 *(.stab)

.stabstr
 *(.stabstr)

.stab.excl
 *(.stab.excl)

.stab.exclstr
 *(.stab.exclstr)

.stab.index
 *(.stab.index)

.stab.indexstr
 *(.stab.indexstr)

.comment        0x0000000000000000       0x29
 *(.comment)
 .comment       0x0000000000000000       0x29 /usr/lib/gcc/x86_64-linux-gnu/7/crtbeginS.o
                                         0x2a (size before relaxing)
 .comment       0x0000000000000029       0x2a clicker-ng.o
 .comment       0x0000000000000029       0x2a build/native/contiki-ng-native.a(clock.o)
 .comment       0x0000000000000029       0x2a build/native/contiki-ng-native.a(contiki-main.o)
 .comment       0x0000000000000029       0x2a build/native/contiki-ng-native.a(autostart.o)
 .comment       0x0000000000000029       0x2a build/native/contiki-ng-native.a(ctimer.o)
 .comment       0x0000000000000029       0x2a build/native/contiki-ng-native.a(energest.o)
 .comment       0x0000000000000029       0x2a build/native/contiki-ng-native.a(etimer.o)
 .comment       0x0000000000000029       0x2a build/native/contiki-ng-native.a(log.o)
 .comment       0x0000000000000029       0x2a build/native/contiki-ng-native.a(rtimer.o)
 .comment       0x0000000000000029       0x2a build/native/contiki-ng-native.a(node-id.o)
 .comment       0x0000000000000029       0x2a build/native/contiki-ng-native.a(process.o)
 .comment       0x0000000000000029       0x2a build/native/contiki-ng-native.a(timer.o)
 .comment       0x0000000000000029       0x2a build/native/contiki-ng-native.a(sensors.o)
 .comment       0x0000000000000029       0x2a build/native/contiki-ng-native.a(list.o)
 .comment       0x0000000000000029       0x2a build/native/contiki-ng-native.a(leds.o)
 .comment       0x0000000000000029       0x2a build/native/contiki-ng-native.a(queuebuf.o)
 .comment       0x0000000000000029       0x2a build/native/contiki-ng-native.a(packetbuf.o)
 .comment       0x0000000000000029       0x2a build/native/contiki-ng-native.a(netstack.o)
 .comment       0x0000000000000029       0x2a build/native/contiki-ng-native.a(linkaddr.o)
 .comment       0x0000000000000029       0x2a build/native/contiki-ng-native.a(nullmac.o)
 .comment       0x0000000000000029       0x2a build/native/contiki-ng-native.a(nullnet.o)
 .comment       0x0000000000000029       0x2a build/native/contiki-ng-native.a(nullrouting.o)
 .comment       0x0000000000000029       0x2a build/native/contiki-ng-native.a(platform.o)
 .comment       0x0000000000000029       0x2a build/native/contiki-ng-native.a(rtimer-arch.o)
 .comment       0x0000000000000029       0x2a build/native/contiki-ng-native.a(watchdog.o)
 .comment       0x0000000000000029       0x2a build/native/contiki-ng-native.a(memb.o)
 .comment       0x0000000000000029       0x2a build/native/contiki-ng-native.a(button-hal.o)
 .comment       0x0000000000000029       0x2a build/native/contiki-ng-native.a(serial-line.o)
 .comment       0x0000000000000029       0x2a build/native/contiki-ng-native.a(nullradio.o)
 .comment       0x0000000000000029       0x2a build/native/contiki-ng-native.a(gpio-hal.o)
 .comment       0x0000000000000029       0x2a build/native/contiki-ng-native.a(buttons.o)
 .comment       0x0000000000000029       0x2a build/native/contiki-ng-native.a(int-master.o)
 .comment       0x0000000000000029       0x2a build/native/contiki-ng-native.a(gpio-hal-arch.o)
 .comment       0x0000000000000029       0x2a build/native/contiki-ng-native.a(ringbuf.o)
 .comment       0x0000000000000029       0x2a /usr/lib/gcc/x86_64-linux-gnu/7/crtendS.o

.debug
 *(.debug)

.line
 *(.line)

.debug_srcinfo
 *(.debug_srcinfo)

.debug_sfnames
 *(.debug_sfnames)

.debug_aranges  0x0000000000000000      0x650
 *(.debug_aranges)
 .debug_aranges
                0x0000000000000000       0x30 clicker-ng.o
 .debug_aranges
                0x0000000000000030       0x30 build/native/contiki-ng-native.a(clock.o)
 .debug_aranges
                0x0000000000000060       0x30 build/native/contiki-ng-native.a(contiki-main.o)
 .debug_aranges
                0x0000000000000090       0x30 build/native/contiki-ng-native.a(autostart.o)
 .debug_aranges
                0x00000000000000c0       0x30 build/native/contiki-ng-native.a(ctimer.o)
 .debug_aranges
                0x00000000000000f0       0x30 build/native/contiki-ng-native.a(energest.o)
 .debug_aranges
                0x0000000000000120       0x30 build/native/contiki-ng-native.a(etimer.o)
 .debug_aranges
                0x0000000000000150       0x30 build/native/contiki-ng-native.a(log.o)
 .debug_aranges
                0x0000000000000180       0x30 build/native/contiki-ng-native.a(rtimer.o)
 .debug_aranges
                0x00000000000001b0       0x30 build/native/contiki-ng-native.a(node-id.o)
 .debug_aranges
                0x00000000000001e0       0x30 build/native/contiki-ng-native.a(process.o)
 .debug_aranges
                0x0000000000000210       0x30 build/native/contiki-ng-native.a(timer.o)
 .debug_aranges
                0x0000000000000240       0x30 build/native/contiki-ng-native.a(sensors.o)
 .debug_aranges
                0x0000000000000270       0x30 build/native/contiki-ng-native.a(list.o)
 .debug_aranges
                0x00000000000002a0       0x30 build/native/contiki-ng-native.a(leds.o)
 .debug_aranges
                0x00000000000002d0       0x30 build/native/contiki-ng-native.a(queuebuf.o)
 .debug_aranges
                0x0000000000000300       0x30 build/native/contiki-ng-native.a(packetbuf.o)
 .debug_aranges
                0x0000000000000330       0x30 build/native/contiki-ng-native.a(netstack.o)
 .debug_aranges
                0x0000000000000360       0x30 build/native/contiki-ng-native.a(linkaddr.o)
 .debug_aranges
                0x0000000000000390       0x30 build/native/contiki-ng-native.a(nullmac.o)
 .debug_aranges
                0x00000000000003c0       0x30 build/native/contiki-ng-native.a(nullnet.o)
 .debug_aranges
                0x00000000000003f0       0x30 build/native/contiki-ng-native.a(nullrouting.o)
 .debug_aranges
                0x0000000000000420       0x30 build/native/contiki-ng-native.a(platform.o)
 .debug_aranges
                0x0000000000000450       0x30 build/native/contiki-ng-native.a(rtimer-arch.o)
 .debug_aranges
                0x0000000000000480       0x30 build/native/contiki-ng-native.a(watchdog.o)
 .debug_aranges
                0x00000000000004b0       0x30 build/native/contiki-ng-native.a(memb.o)
 .debug_aranges
                0x00000000000004e0       0x30 build/native/contiki-ng-native.a(button-hal.o)
 .debug_aranges
                0x0000000000000510       0x30 build/native/contiki-ng-native.a(serial-line.o)
 .debug_aranges
                0x0000000000000540       0x30 build/native/contiki-ng-native.a(nullradio.o)
 .debug_aranges
                0x0000000000000570       0x30 build/native/contiki-ng-native.a(gpio-hal.o)
 .debug_aranges
                0x00000000000005a0       0x20 build/native/contiki-ng-native.a(buttons.o)
 .debug_aranges
                0x00000000000005c0       0x30 build/native/contiki-ng-native.a(int-master.o)
 .debug_aranges
                0x00000000000005f0       0x30 build/native/contiki-ng-native.a(gpio-hal-arch.o)
 .debug_aranges
                0x0000000000000620       0x30 build/native/contiki-ng-native.a(ringbuf.o)

.debug_pubnames
 *(.debug_pubnames)

.debug_info     0x0000000000000000    0x13311
 *(.debug_info .gnu.linkonce.wi.*)
 .debug_info    0x0000000000000000     0x11d5 clicker-ng.o
 .debug_info    0x00000000000011d5      0x40c build/native/contiki-ng-native.a(clock.o)
 .debug_info    0x00000000000015e1     0x220b build/native/contiki-ng-native.a(contiki-main.o)
 .debug_info    0x00000000000037ec      0x22d build/native/contiki-ng-native.a(autostart.o)
 .debug_info    0x0000000000003a19      0x7eb build/native/contiki-ng-native.a(ctimer.o)
 .debug_info    0x0000000000004204      0x1d4 build/native/contiki-ng-native.a(energest.o)
 .debug_info    0x00000000000043d8      0x8fb build/native/contiki-ng-native.a(etimer.o)
 .debug_info    0x0000000000004cd3      0xd91 build/native/contiki-ng-native.a(log.o)
 .debug_info    0x0000000000005a64      0x339 build/native/contiki-ng-native.a(rtimer.o)
 .debug_info    0x0000000000005d9d      0x5b5 build/native/contiki-ng-native.a(node-id.o)
 .debug_info    0x0000000000006352      0xb6a build/native/contiki-ng-native.a(process.o)
 .debug_info    0x0000000000006ebc      0x34b build/native/contiki-ng-native.a(timer.o)
 .debug_info    0x0000000000007207      0x4fe build/native/contiki-ng-native.a(sensors.o)
 .debug_info    0x0000000000007705      0x679 build/native/contiki-ng-native.a(list.o)
 .debug_info    0x0000000000007d7e      0x352 build/native/contiki-ng-native.a(leds.o)
 .debug_info    0x00000000000080d0     0x17b0 build/native/contiki-ng-native.a(queuebuf.o)
 .debug_info    0x0000000000009880     0x18c0 build/native/contiki-ng-native.a(packetbuf.o)
 .debug_info    0x000000000000b140      0x7d4 build/native/contiki-ng-native.a(netstack.o)
 .debug_info    0x000000000000b914      0x3af build/native/contiki-ng-native.a(linkaddr.o)
 .debug_info    0x000000000000bcc3      0x9aa build/native/contiki-ng-native.a(nullmac.o)
 .debug_info    0x000000000000c66d      0xede build/native/contiki-ng-native.a(nullnet.o)
 .debug_info    0x000000000000d54b      0xfaf build/native/contiki-ng-native.a(nullrouting.o)
 .debug_info    0x000000000000e4fa     0x1624 build/native/contiki-ng-native.a(platform.o)
 .debug_info    0x000000000000fb1e      0x3ec build/native/contiki-ng-native.a(rtimer-arch.o)
 .debug_info    0x000000000000ff0a       0xed build/native/contiki-ng-native.a(watchdog.o)
 .debug_info    0x000000000000fff7      0x3e2 build/native/contiki-ng-native.a(memb.o)
 .debug_info    0x00000000000103d9      0xa62 build/native/contiki-ng-native.a(button-hal.o)
 .debug_info    0x0000000000010e3b      0x4c7 build/native/contiki-ng-native.a(serial-line.o)
 .debug_info    0x0000000000011302      0x5bd build/native/contiki-ng-native.a(nullradio.o)
 .debug_info    0x00000000000118bf      0x907 build/native/contiki-ng-native.a(gpio-hal.o)
 .debug_info    0x00000000000121c6      0x36d build/native/contiki-ng-native.a(buttons.o)
 .debug_info    0x0000000000012533      0x247 build/native/contiki-ng-native.a(int-master.o)
 .debug_info    0x000000000001277a      0x8b0 build/native/contiki-ng-native.a(gpio-hal-arch.o)
 .debug_info    0x000000000001302a      0x2e7 build/native/contiki-ng-native.a(ringbuf.o)

.debug_abbrev   0x0000000000000000     0x4f5c
 *(.debug_abbrev)
 .debug_abbrev  0x0000000000000000      0x390 clicker-ng.o
 .debug_abbrev  0x0000000000000390      0x20a build/native/contiki-ng-native.a(clock.o)
 .debug_abbrev  0x000000000000059a      0x2d2 build/native/contiki-ng-native.a(contiki-main.o)
 .debug_abbrev  0x000000000000086c      0x146 build/native/contiki-ng-native.a(autostart.o)
 .debug_abbrev  0x00000000000009b2      0x23a build/native/contiki-ng-native.a(ctimer.o)
 .debug_abbrev  0x0000000000000bec      0x125 build/native/contiki-ng-native.a(energest.o)
 .debug_abbrev  0x0000000000000d11      0x357 build/native/contiki-ng-native.a(etimer.o)
 .debug_abbrev  0x0000000000001068      0x2d3 build/native/contiki-ng-native.a(log.o)
 .debug_abbrev  0x000000000000133b      0x1ed build/native/contiki-ng-native.a(rtimer.o)
 .debug_abbrev  0x0000000000001528      0x180 build/native/contiki-ng-native.a(node-id.o)
 .debug_abbrev  0x00000000000016a8      0x3c9 build/native/contiki-ng-native.a(process.o)
 .debug_abbrev  0x0000000000001a71      0x1d4 build/native/contiki-ng-native.a(timer.o)
 .debug_abbrev  0x0000000000001c45      0x2a9 build/native/contiki-ng-native.a(sensors.o)
 .debug_abbrev  0x0000000000001eee      0x2b3 build/native/contiki-ng-native.a(list.o)
 .debug_abbrev  0x00000000000021a1      0x1be build/native/contiki-ng-native.a(leds.o)
 .debug_abbrev  0x000000000000235f      0x33d build/native/contiki-ng-native.a(queuebuf.o)
 .debug_abbrev  0x000000000000269c      0x3c5 build/native/contiki-ng-native.a(packetbuf.o)
 .debug_abbrev  0x0000000000002a61      0x263 build/native/contiki-ng-native.a(netstack.o)
 .debug_abbrev  0x0000000000002cc4      0x1e0 build/native/contiki-ng-native.a(linkaddr.o)
 .debug_abbrev  0x0000000000002ea4      0x23c build/native/contiki-ng-native.a(nullmac.o)
 .debug_abbrev  0x00000000000030e0      0x2af build/native/contiki-ng-native.a(nullnet.o)
 .debug_abbrev  0x000000000000338f      0x2f3 build/native/contiki-ng-native.a(nullrouting.o)
 .debug_abbrev  0x0000000000003682      0x4a7 build/native/contiki-ng-native.a(platform.o)
 .debug_abbrev  0x0000000000003b29      0x1e2 build/native/contiki-ng-native.a(rtimer-arch.o)
 .debug_abbrev  0x0000000000003d0b       0x9c build/native/contiki-ng-native.a(watchdog.o)
 .debug_abbrev  0x0000000000003da7      0x208 build/native/contiki-ng-native.a(memb.o)
 .debug_abbrev  0x0000000000003faf      0x36f build/native/contiki-ng-native.a(button-hal.o)
 .debug_abbrev  0x000000000000431e      0x228 build/native/contiki-ng-native.a(serial-line.o)
 .debug_abbrev  0x0000000000004546      0x1de build/native/contiki-ng-native.a(nullradio.o)
 .debug_abbrev  0x0000000000004724      0x218 build/native/contiki-ng-native.a(gpio-hal.o)
 .debug_abbrev  0x000000000000493c      0x125 build/native/contiki-ng-native.a(buttons.o)
 .debug_abbrev  0x0000000000004a61      0x170 build/native/contiki-ng-native.a(int-master.o)
 .debug_abbrev  0x0000000000004bd1      0x222 build/native/contiki-ng-native.a(gpio-hal-arch.o)
 .debug_abbrev  0x0000000000004df3      0x169 build/native/contiki-ng-native.a(ringbuf.o)

.debug_line     0x0000000000000000     0x4a0a
 *(.debug_line .debug_line.* .debug_line_end)
 .debug_line    0x0000000000000000      0x45c clicker-ng.o
 .debug_line    0x000000000000045c      0x1c5 build/native/contiki-ng-native.a(clock.o)
 .debug_line    0x0000000000000621      0x67b build/native/contiki-ng-native.a(contiki-main.o)
 .debug_line    0x0000000000000c9c       0xbd build/native/contiki-ng-native.a(autostart.o)
 .debug_line    0x0000000000000d59      0x1c1 build/native/contiki-ng-native.a(ctimer.o)
 .debug_line    0x0000000000000f1a       0xe8 build/native/contiki-ng-native.a(energest.o)
 .debug_line    0x0000000000001002      0x1ec build/native/contiki-ng-native.a(etimer.o)
 .debug_line    0x00000000000011ee      0x2d6 build/native/contiki-ng-native.a(log.o)
 .debug_line    0x00000000000014c4      0x10f build/native/contiki-ng-native.a(rtimer.o)
 .debug_line    0x00000000000015d3      0x160 build/native/contiki-ng-native.a(node-id.o)
 .debug_line    0x0000000000001733      0x249 build/native/contiki-ng-native.a(process.o)
 .debug_line    0x000000000000197c      0x122 build/native/contiki-ng-native.a(timer.o)
 .debug_line    0x0000000000001a9e      0x16e build/native/contiki-ng-native.a(sensors.o)
 .debug_line    0x0000000000001c0c      0x1c6 build/native/contiki-ng-native.a(list.o)
 .debug_line    0x0000000000001dd2      0x128 build/native/contiki-ng-native.a(leds.o)
 .debug_line    0x0000000000001efa      0x417 build/native/contiki-ng-native.a(queuebuf.o)
 .debug_line    0x0000000000002311      0x4d7 build/native/contiki-ng-native.a(packetbuf.o)
 .debug_line    0x00000000000027e8      0x23f build/native/contiki-ng-native.a(netstack.o)
 .debug_line    0x0000000000002a27      0x175 build/native/contiki-ng-native.a(linkaddr.o)
 .debug_line    0x0000000000002b9c      0x26e build/native/contiki-ng-native.a(nullmac.o)
 .debug_line    0x0000000000002e0a      0x2d3 build/native/contiki-ng-native.a(nullnet.o)
 .debug_line    0x00000000000030dd      0x332 build/native/contiki-ng-native.a(nullrouting.o)
 .debug_line    0x000000000000340f      0x49c build/native/contiki-ng-native.a(platform.o)
 .debug_line    0x00000000000038ab      0x1d2 build/native/contiki-ng-native.a(rtimer-arch.o)
 .debug_line    0x0000000000003a7d       0x8e build/native/contiki-ng-native.a(watchdog.o)
 .debug_line    0x0000000000003b0b      0x1c7 build/native/contiki-ng-native.a(memb.o)
 .debug_line    0x0000000000003cd2      0x270 build/native/contiki-ng-native.a(button-hal.o)
 .debug_line    0x0000000000003f42      0x1a0 build/native/contiki-ng-native.a(serial-line.o)
 .debug_line    0x00000000000040e2       0xce build/native/contiki-ng-native.a(nullradio.o)
 .debug_line    0x00000000000041b0      0x213 build/native/contiki-ng-native.a(gpio-hal.o)
 .debug_line    0x00000000000043c3      0x1a2 build/native/contiki-ng-native.a(buttons.o)
 .debug_line    0x0000000000004565      0x12e build/native/contiki-ng-native.a(int-master.o)
 .debug_line    0x0000000000004693      0x23f build/native/contiki-ng-native.a(gpio-hal-arch.o)
 .debug_line    0x00000000000048d2      0x138 build/native/contiki-ng-native.a(ringbuf.o)

.debug_frame
 *(.debug_frame)

.debug_str      0x0000000000000000     0x3749
 *(.debug_str)
 .debug_str     0x0000000000000000      0x693 clicker-ng.o
                                        0x7ea (size before relaxing)
 .debug_str     0x0000000000000693      0x12e build/native/contiki-ng-native.a(clock.o)
                                        0x2a7 (size before relaxing)
 .debug_str     0x00000000000007c1     0x1065 build/native/contiki-ng-native.a(contiki-main.o)
                                       0x172c (size before relaxing)
 .debug_str     0x0000000000001826       0x4c build/native/contiki-ng-native.a(autostart.o)
                                        0x1c7 (size before relaxing)
 .debug_str     0x0000000000001872      0x11e build/native/contiki-ng-native.a(ctimer.o)
                                        0x316 (size before relaxing)
 .debug_str     0x0000000000001990       0x56 build/native/contiki-ng-native.a(energest.o)
                                        0x1cb (size before relaxing)
 .debug_str     0x00000000000019e6      0x13f build/native/contiki-ng-native.a(etimer.o)
                                        0x358 (size before relaxing)
 .debug_str     0x0000000000001b25       0x8d build/native/contiki-ng-native.a(log.o)
                                        0x7a4 (size before relaxing)
 .debug_str     0x0000000000001bb2       0xe1 build/native/contiki-ng-native.a(rtimer.o)
                                        0x275 (size before relaxing)
 .debug_str     0x0000000000001c93       0x2e build/native/contiki-ng-native.a(node-id.o)
                                        0x3dc (size before relaxing)
 .debug_str     0x0000000000001cc1      0x11c build/native/contiki-ng-native.a(process.o)
                                        0x4a3 (size before relaxing)
 .debug_str     0x0000000000001ddd       0x3c build/native/contiki-ng-native.a(timer.o)
                                        0x1f3 (size before relaxing)
 .debug_str     0x0000000000001e19       0xbf build/native/contiki-ng-native.a(sensors.o)
                                        0x2bd (size before relaxing)
 .debug_str     0x0000000000001ed8       0xa2 build/native/contiki-ng-native.a(list.o)
                                        0x23a (size before relaxing)
 .debug_str     0x0000000000001f7a       0xe6 build/native/contiki-ng-native.a(leds.o)
                                        0x262 (size before relaxing)
 .debug_str     0x0000000000002060      0x3f6 build/native/contiki-ng-native.a(queuebuf.o)
                                        0xe50 (size before relaxing)
 .debug_str     0x0000000000002456      0x1ad build/native/contiki-ng-native.a(packetbuf.o)
                                        0xe71 (size before relaxing)
 .debug_str     0x0000000000002603      0x170 build/native/contiki-ng-native.a(netstack.o)
                                        0x559 (size before relaxing)
 .debug_str     0x0000000000002773       0x52 build/native/contiki-ng-native.a(linkaddr.o)
                                        0x226 (size before relaxing)
 .debug_str     0x00000000000027c5       0x53 build/native/contiki-ng-native.a(nullmac.o)
                                        0x5e6 (size before relaxing)
 .debug_str     0x0000000000002818       0x5e build/native/contiki-ng-native.a(nullnet.o)
                                        0xb32 (size before relaxing)
 .debug_str     0x0000000000002876       0x5f build/native/contiki-ng-native.a(nullrouting.o)
                                        0x8da (size before relaxing)
 .debug_str     0x00000000000028d5      0x297 build/native/contiki-ng-native.a(platform.o)
                                        0xc67 (size before relaxing)
 .debug_str     0x0000000000002b6c       0xba build/native/contiki-ng-native.a(rtimer-arch.o)
                                        0x310 (size before relaxing)
 .debug_str     0x0000000000002c26       0x6a build/native/contiki-ng-native.a(watchdog.o)
                                        0x177 (size before relaxing)
 .debug_str     0x0000000000002c90       0x4a build/native/contiki-ng-native.a(memb.o)
                                        0x20a (size before relaxing)
 .debug_str     0x0000000000002cda      0x327 build/native/contiki-ng-native.a(button-hal.o)
                                        0x62a (size before relaxing)
 .debug_str     0x0000000000003001       0xab build/native/contiki-ng-native.a(serial-line.o)
                                        0x2c6 (size before relaxing)
 .debug_str     0x00000000000030ac      0x315 build/native/contiki-ng-native.a(nullradio.o)
                                        0x514 (size before relaxing)
 .debug_str     0x00000000000033c1      0x15d build/native/contiki-ng-native.a(gpio-hal.o)
                                        0x718 (size before relaxing)
 .debug_str     0x000000000000351e       0x40 build/native/contiki-ng-native.a(buttons.o)
                                        0x30f (size before relaxing)
 .debug_str     0x000000000000355e       0x69 build/native/contiki-ng-native.a(int-master.o)
                                        0x223 (size before relaxing)
 .debug_str     0x00000000000035c7      0x136 build/native/contiki-ng-native.a(gpio-hal-arch.o)
                                        0x744 (size before relaxing)
 .debug_str     0x00000000000036fd       0x4c build/native/contiki-ng-native.a(ringbuf.o)
                                        0x205 (size before relaxing)

.debug_loc      0x0000000000000000     0x64ea
 *(.debug_loc)
 .debug_loc     0x0000000000000000      0x7ce clicker-ng.o
 .debug_loc     0x00000000000007ce      0x13b build/native/contiki-ng-native.a(clock.o)
 .debug_loc     0x0000000000000909      0x306 build/native/contiki-ng-native.a(contiki-main.o)
 .debug_loc     0x0000000000000c0f       0xe0 build/native/contiki-ng-native.a(autostart.o)
 .debug_loc     0x0000000000000cef      0x794 build/native/contiki-ng-native.a(ctimer.o)
 .debug_loc     0x0000000000001483      0x898 build/native/contiki-ng-native.a(etimer.o)
 .debug_loc     0x0000000000001d1b      0x5e1 build/native/contiki-ng-native.a(log.o)
 .debug_loc     0x00000000000022fc      0x193 build/native/contiki-ng-native.a(rtimer.o)
 .debug_loc     0x000000000000248f      0xa85 build/native/contiki-ng-native.a(process.o)
 .debug_loc     0x0000000000002f14      0x240 build/native/contiki-ng-native.a(timer.o)
 .debug_loc     0x0000000000003154      0x4fc build/native/contiki-ng-native.a(sensors.o)
 .debug_loc     0x0000000000003650      0x877 build/native/contiki-ng-native.a(list.o)
 .debug_loc     0x0000000000003ec7      0x317 build/native/contiki-ng-native.a(queuebuf.o)
 .debug_loc     0x00000000000041de      0x5f3 build/native/contiki-ng-native.a(packetbuf.o)
 .debug_loc     0x00000000000047d1      0x263 build/native/contiki-ng-native.a(netstack.o)
 .debug_loc     0x0000000000004a34       0xdd build/native/contiki-ng-native.a(linkaddr.o)
 .debug_loc     0x0000000000004b11       0x5f build/native/contiki-ng-native.a(nullnet.o)
 .debug_loc     0x0000000000004b70      0x531 build/native/contiki-ng-native.a(platform.o)
 .debug_loc     0x00000000000050a1       0xce build/native/contiki-ng-native.a(rtimer-arch.o)
 .debug_loc     0x000000000000516f      0x31b build/native/contiki-ng-native.a(memb.o)
 .debug_loc     0x000000000000548a      0x75f build/native/contiki-ng-native.a(button-hal.o)
 .debug_loc     0x0000000000005be9      0x341 build/native/contiki-ng-native.a(serial-line.o)
 .debug_loc     0x0000000000005f2a      0x2bc build/native/contiki-ng-native.a(gpio-hal.o)
 .debug_loc     0x00000000000061e6      0x2a8 build/native/contiki-ng-native.a(gpio-hal-arch.o)
 .debug_loc     0x000000000000648e       0x5c build/native/contiki-ng-native.a(ringbuf.o)

.debug_macinfo
 *(.debug_macinfo)

.debug_weaknames
 *(.debug_weaknames)

.debug_funcnames
 *(.debug_funcnames)

.debug_typenames
 *(.debug_typenames)

.debug_varnames
 *(.debug_varnames)

.debug_pubtypes
 *(.debug_pubtypes)

.debug_ranges   0x0000000000000000      0xd00
 *(.debug_ranges)
 .debug_ranges  0x0000000000000000      0x1b0 clicker-ng.o
 .debug_ranges  0x00000000000001b0       0x60 build/native/contiki-ng-native.a(clock.o)
 .debug_ranges  0x0000000000000210       0x20 build/native/contiki-ng-native.a(contiki-main.o)
 .debug_ranges  0x0000000000000230       0xa0 build/native/contiki-ng-native.a(ctimer.o)
 .debug_ranges  0x00000000000002d0      0x150 build/native/contiki-ng-native.a(etimer.o)
 .debug_ranges  0x0000000000000420      0x100 build/native/contiki-ng-native.a(log.o)
 .debug_ranges  0x0000000000000520      0x170 build/native/contiki-ng-native.a(process.o)
 .debug_ranges  0x0000000000000690       0xb0 build/native/contiki-ng-native.a(sensors.o)
 .debug_ranges  0x0000000000000740      0x140 build/native/contiki-ng-native.a(list.o)
 .debug_ranges  0x0000000000000880       0x30 build/native/contiki-ng-native.a(queuebuf.o)
 .debug_ranges  0x00000000000008b0      0x200 build/native/contiki-ng-native.a(packetbuf.o)
 .debug_ranges  0x0000000000000ab0       0xf0 build/native/contiki-ng-native.a(platform.o)
 .debug_ranges  0x0000000000000ba0       0x30 build/native/contiki-ng-native.a(memb.o)
 .debug_ranges  0x0000000000000bd0       0xa0 build/native/contiki-ng-native.a(button-hal.o)
 .debug_ranges  0x0000000000000c70       0x90 build/native/contiki-ng-native.a(serial-line.o)

.debug_macro
 *(.debug_macro)

.debug_addr
 *(.debug_addr)

.gnu.attributes
 *(.gnu.attributes)

/DISCARD/
 *(.note.GNU-stack)
 *(.gnu_debuglink)
 *(.gnu.lto_*)
OUTPUT(build/native/clicker-ng.native elf64-x86-64)
